[    0.000000] Initializing cgroup subsys cpuset
[    0.000000] Initializing cgroup subsys cpu
[    0.000000] Initializing cgroup subsys cpuacct
[    0.000000] Linux version 4.4.0-141-generic (buildd@lcy01-amd64-006) (gcc version 5.4.0 20160609 (Ubuntu 5.4.0-6ubuntu1~16.04.10) ) #167-Ubuntu SMP Wed Dec 5 10:40:15 UTC 2018 (Ubuntu 4.4.0-141.167-generic 4.4.162)
[    0.000000] Command line: BOOT_IMAGE=/boot/vmlinuz-4.4.0-141-generic root=LABEL=cloudimg-rootfs ro console=tty1 console=ttyS0
[    0.000000] KERNEL supported cpus:
[    0.000000]   Intel GenuineIntel
[    0.000000]   AMD AuthenticAMD
[    0.000000]   Centaur CentaurHauls
[    0.000000] x86/fpu: xstate_offset[2]:  576, xstate_sizes[2]:  256
[    0.000000] x86/fpu: Supporting XSAVE feature 0x01: 'x87 floating point registers'
[    0.000000] x86/fpu: Supporting XSAVE feature 0x02: 'SSE registers'
[    0.000000] x86/fpu: Supporting XSAVE feature 0x04: 'AVX registers'
[    0.000000] x86/fpu: Enabled xstate features 0x7, context size is 832 bytes, using 'standard' format.
[    0.000000] e820: BIOS-provided physical RAM map:
[    0.000000] BIOS-e820: [mem 0x0000000000000000-0x000000000009fbff] usable
[    0.000000] BIOS-e820: [mem 0x000000000009fc00-0x000000000009ffff] reserved
[    0.000000] BIOS-e820: [mem 0x00000000000f0000-0x00000000000fffff] reserved
[    0.000000] BIOS-e820: [mem 0x0000000000100000-0x000000007ffeffff] usable
[    0.000000] BIOS-e820: [mem 0x000000007fff0000-0x000000007fffffff] ACPI data
[    0.000000] BIOS-e820: [mem 0x00000000fec00000-0x00000000fec00fff] reserved
[    0.000000] BIOS-e820: [mem 0x00000000fee00000-0x00000000fee00fff] reserved
[    0.000000] BIOS-e820: [mem 0x00000000fffc0000-0x00000000ffffffff] reserved
[    0.000000] NX (Execute Disable) protection: active
[    0.000000] SMBIOS 2.5 present.
[    0.000000] Hypervisor detected: KVM
[    0.000000] e820: last_pfn = 0x7fff0 max_arch_pfn = 0x400000000
[    0.000000] MTRR: Disabled
[    0.000000] x86/PAT: MTRRs disabled, skipping PAT initialization too.
[    0.000000] CPU MTRRs all blank - virtualized system.
[    0.000000] x86/PAT: Configuration [0-7]: WB  WT  UC- UC  WB  WT  UC- UC  
[    0.000000] found SMP MP-table at [mem 0x0009fff0-0x0009ffff] mapped at [ffff88000009fff0]
[    0.000000] Scanning 1 areas for low memory corruption
[    0.000000] RAMDISK: [mem 0x36308000-0x3717bfff]
[    0.000000] ACPI: Early table checksum verification disabled
[    0.000000] ACPI: RSDP 0x00000000000E0000 000024 (v02 VBOX  )
[    0.000000] ACPI: XSDT 0x000000007FFF0030 00003C (v01 VBOX   VBOXXSDT 00000001 ASL  00000061)
[    0.000000] ACPI: FACP 0x000000007FFF00F0 0000F4 (v04 VBOX   VBOXFACP 00000001 ASL  00000061)
[    0.000000] ACPI: DSDT 0x000000007FFF0470 0022EA (v02 VBOX   VBOXBIOS 00000002 INTL 20100528)
[    0.000000] ACPI: FACS 0x000000007FFF0200 000040
[    0.000000] ACPI: FACS 0x000000007FFF0200 000040
[    0.000000] ACPI: APIC 0x000000007FFF0240 000054 (v02 VBOX   VBOXAPIC 00000001 ASL  00000061)
[    0.000000] ACPI: SSDT 0x000000007FFF02A0 0001CC (v01 VBOX   VBOXCPUT 00000002 INTL 20100528)
[    0.000000] No NUMA configuration found
[    0.000000] Faking a node at [mem 0x0000000000000000-0x000000007ffeffff]
[    0.000000] NODE_DATA(0) allocated [mem 0x7ffeb000-0x7ffeffff]
[    0.000000] kvm-clock: Using msrs 4b564d01 and 4b564d00
[    0.000000] kvm-clock: cpu 0, msr 0:7ffe3001, primary cpu clock
[    0.000000] kvm-clock: using sched offset of 8598900661 cycles
[    0.000000] clocksource: kvm-clock: mask: 0xffffffffffffffff max_cycles: 0x1cd42e4dffb, max_idle_ns: 881590591483 ns
[    0.000000] Zone ranges:
[    0.000000]   DMA      [mem 0x0000000000001000-0x0000000000ffffff]
[    0.000000]   DMA32    [mem 0x0000000001000000-0x000000007ffeffff]
[    0.000000]   Normal   empty
[    0.000000]   Device   empty
[    0.000000] Movable zone start for each node
[    0.000000] Early memory node ranges
[    0.000000]   node   0: [mem 0x0000000000001000-0x000000000009efff]
[    0.000000]   node   0: [mem 0x0000000000100000-0x000000007ffeffff]
[    0.000000] Initmem setup node 0 [mem 0x0000000000001000-0x000000007ffeffff]
[    0.000000] ACPI: PM-Timer IO Port: 0x4008
[    0.000000] IOAPIC[0]: apic_id 1, version 32, address 0xfec00000, GSI 0-23
[    0.000000] ACPI: INT_SRC_OVR (bus 0 bus_irq 0 global_irq 2 dfl dfl)
[    0.000000] ACPI: INT_SRC_OVR (bus 0 bus_irq 9 global_irq 9 low level)
[    0.000000] Using ACPI (MADT) for SMP configuration information
[    0.000000] smpboot: Allowing 1 CPUs, 0 hotplug CPUs
[    0.000000] PM: Registered nosave memory: [mem 0x00000000-0x00000fff]
[    0.000000] PM: Registered nosave memory: [mem 0x0009f000-0x0009ffff]
[    0.000000] PM: Registered nosave memory: [mem 0x000a0000-0x000effff]
[    0.000000] PM: Registered nosave memory: [mem 0x000f0000-0x000fffff]
[    0.000000] e820: [mem 0x80000000-0xfebfffff] available for PCI devices
[    0.000000] Booting paravirtualized kernel on KVM
[    0.000000] clocksource: refined-jiffies: mask: 0xffffffff max_cycles: 0xffffffff, max_idle_ns: 7645519600211568 ns
[    0.000000] setup_percpu: NR_CPUS:512 nr_cpumask_bits:512 nr_cpu_ids:1 nr_node_ids:1
[    0.000000] PERCPU: Embedded 34 pages/cpu @ffff88007fc00000 s99608 r8192 d31464 u2097152
[    0.000000] PV qspinlock hash table entries: 256 (order: 0, 4096 bytes)
[    0.000000] Built 1 zonelists in Node order, mobility grouping on.  Total pages: 515960
[    0.000000] Policy zone: DMA32
[    0.000000] Kernel command line: BOOT_IMAGE=/boot/vmlinuz-4.4.0-141-generic root=LABEL=cloudimg-rootfs ro console=tty1 console=ttyS0
[    0.000000] PID hash table entries: 4096 (order: 3, 32768 bytes)
[    0.000000] Memory: 2030032K/2096696K available (8568K kernel code, 1314K rwdata, 4008K rodata, 1528K init, 1316K bss, 66664K reserved, 0K cma-reserved)
[    0.000000] SLUB: HWalign=64, Order=0-3, MinObjects=0, CPUs=1, Nodes=1
[    0.000000] Kernel/User page tables isolation: enabled
[    0.000000] Hierarchical RCU implementation.
[    0.000000] 	Build-time adjustment of leaf fanout to 64.
[    0.000000] 	RCU restricting CPUs from NR_CPUS=512 to nr_cpu_ids=1.
[    0.000000] RCU: Adjusting geometry for rcu_fanout_leaf=64, nr_cpu_ids=1
[    0.000000] NR_IRQS:33024 nr_irqs:256 16
[    0.000000] Console: colour VGA+ 80x25
[    0.000000] console [tty1] enabled
[    0.000000] console [ttyS0] enabled
[    0.000000] tsc: Detected 2591.596 MHz processor
[    0.754157] Calibrating delay loop (skipped) preset value.. 5183.19 BogoMIPS (lpj=10366384)
[    0.761152] pid_max: default: 32768 minimum: 301
[    0.765165] ACPI: Core revision 20150930
[    0.781652] ACPI: 2 ACPI AML tables successfully acquired and loaded
[    0.786939] Security Framework initialized
[    0.791502] Yama: becoming mindful.
[    0.794463] AppArmor: AppArmor initialized
[    0.801981] Dentry cache hash table entries: 262144 (order: 9, 2097152 bytes)
[    0.810906] Inode-cache hash table entries: 131072 (order: 8, 1048576 bytes)
[    0.818769] Mount-cache hash table entries: 4096 (order: 3, 32768 bytes)
[    0.824035] Mountpoint-cache hash table entries: 4096 (order: 3, 32768 bytes)
[    0.829085] Initializing cgroup subsys io
[    0.832043] Initializing cgroup subsys memory
[    0.836695] Initializing cgroup subsys devices
[    0.842257] Initializing cgroup subsys freezer
[    0.846159] Initializing cgroup subsys net_cls
[    0.849947] Initializing cgroup subsys perf_event
[    0.855712] Initializing cgroup subsys net_prio
[    0.862477] Initializing cgroup subsys hugetlb
[    0.866329] Initializing cgroup subsys pids
[    0.874709] mce: CPU supports 0 MCE banks
[    0.878034] process: using mwait in idle threads
[    0.881442] Last level iTLB entries: 4KB 512, 2MB 8, 4MB 8
[    0.886523] Last level dTLB entries: 4KB 512, 2MB 32, 4MB 32, 1GB 0
[    0.895071] Spectre V2 : Mitigation: Full generic retpoline
[    0.898743] Spectre V2 : Spectre v2 mitigation: Speculation control IBPB not-supported IBRS not-supported
[    0.904474] Spectre V2 : Spectre v2 / SpectreRSB mitigation: Filling RSB on context switch
[    0.912401] Speculative Store Bypass: Vulnerable
[    1.017678] Freeing SMP alternatives memory: 32K
[    1.071347] ftrace: allocating 32291 entries in 127 pages
[    1.375105] smpboot: APIC(0) Converting physical 0 to logical package 0
[    1.380430] smpboot: Max logical packages: 1
[    1.383910] x2apic enabled
[    1.386807] Switched APIC routing to physical x2apic.
[    1.395091] ..TIMER: vector=0x30 apic1=0 pin1=2 apic2=-1 pin2=-1
[    1.505761] smpboot: CPU0: Intel(R) Core(TM) i5-3320M CPU @ 2.60GHz (family: 0x6, model: 0x3a, stepping: 0x9)
[    1.513750] Performance Events: unsupported p6 CPU model 58 no PMU driver, software events only.
[    1.519528] KVM setup paravirtual spinlock
[    1.524762] x86: Booted up 1 node, 1 CPUs
[    1.528704] smpboot: Total of 1 processors activated (5183.19 BogoMIPS)
[    1.536870] devtmpfs: initialized
[    1.564883] evm: security.selinux
[    1.567366] evm: security.SMACK64
[    1.570283] evm: security.SMACK64EXEC
[    1.576858] evm: security.SMACK64TRANSMUTE
[    1.579623] evm: security.SMACK64MMAP
[    1.581955] evm: security.ima
[    1.584234] evm: security.capability
[    1.587129] clocksource: jiffies: mask: 0xffffffff max_cycles: 0xffffffff, max_idle_ns: 7645041785100000 ns
[    1.595344] futex hash table entries: 256 (order: 2, 16384 bytes)
[    1.601207] pinctrl core: initialized pinctrl subsystem
[    1.605025] RTC time:  0:20:01, date: 01/13/19
[    1.610012] NET: Registered protocol family 16
[    1.613480] cpuidle: using governor ladder
[    1.616769] cpuidle: using governor menu
[    1.619789] PCCT header not found.
[    1.624495] ACPI: bus type PCI registered
[    1.627486] acpiphp: ACPI Hot Plug PCI Controller Driver version: 0.5
[    1.631365] PCI: Using configuration type 1 for base access
[    1.640066] ACPI: Added _OSI(Module Device)
[    1.644689] ACPI: Added _OSI(Processor Device)
[    1.648503] ACPI: Added _OSI(3.0 _SCP Extensions)
[    1.654192] ACPI: Added _OSI(Processor Aggregator Device)
[    1.661938] ACPI: Executed 1 blocks of module-level executable AML code
[    1.681764] ACPI: Interpreter enabled
[    1.685022] ACPI: (supports S0 S5)
[    1.693375] ACPI: Using IOAPIC for interrupt routing
[    1.701480] PCI: Using host bridge windows from ACPI; if necessary, use "pci=nocrs" and report a bug
[    1.736976] ACPI: PCI Root Bridge [PCI0] (domain 0000 [bus 00-ff])
[    1.742836] acpi PNP0A03:00: _OSC: OS supports [ASPM ClockPM Segments MSI]
[    1.748584] acpi PNP0A03:00: _OSC: not requesting OS control; OS requires [ExtendedConfig ASPM ClockPM MSI]
[    1.754214] acpi PNP0A03:00: fail to add MMCONFIG information, can't access extended PCI configuration space under this bridge.
[    1.763893] PCI host bridge to bus 0000:00
[    1.768052] pci_bus 0000:00: root bus resource [io  0x0000-0x0cf7 window]
[    1.772989] pci_bus 0000:00: root bus resource [io  0x0d00-0xffff window]
[    1.778485] pci_bus 0000:00: root bus resource [mem 0x000a0000-0x000bffff window]
[    1.783253] pci_bus 0000:00: root bus resource [mem 0x80000000-0xfdffffff window]
[    1.788250] pci_bus 0000:00: root bus resource [bus 00-ff]
[    1.797636] pci 0000:00:01.1: legacy IDE quirk: reg 0x10: [io  0x01f0-0x01f7]
[    1.803670] pci 0000:00:01.1: legacy IDE quirk: reg 0x14: [io  0x03f6]
[    1.810792] pci 0000:00:01.1: legacy IDE quirk: reg 0x18: [io  0x0170-0x0177]
[    1.814934] pci 0000:00:01.1: legacy IDE quirk: reg 0x1c: [io  0x0376]
[    1.879491] pci 0000:00:07.0: quirk: [io  0x4000-0x403f] claimed by PIIX4 ACPI
[    1.923487] pci 0000:00:07.0: quirk: [io  0x4100-0x410f] claimed by PIIX4 SMB
[    1.967147] ACPI: PCI Interrupt Link [LNKA] (IRQs 5 9 10 *11)
[    1.974485] ACPI: PCI Interrupt Link [LNKB] (IRQs 5 9 *10 11)
[    1.980824] ACPI: PCI Interrupt Link [LNKC] (IRQs 5 *9 10 11)
[    1.985550] ACPI: PCI Interrupt Link [LNKD] (IRQs 5 9 10 *11)
[    1.990156] ACPI: Enabled 2 GPEs in block 00 to 07
[    1.995589] vgaarb: setting as boot device: PCI:0000:00:02.0
[    2.001112] vgaarb: device added: PCI:0000:00:02.0,decodes=io+mem,owns=io+mem,locks=none
[    2.007193] vgaarb: loaded
[    2.011061] vgaarb: bridge control possible 0000:00:02.0
[    2.015564] SCSI subsystem initialized
[    2.018237] ACPI: bus type USB registered
[    2.021151] usbcore: registered new interface driver usbfs
[    2.025047] usbcore: registered new interface driver hub
[    2.028745] usbcore: registered new device driver usb
[    2.032804] PCI: Using ACPI for IRQ routing
[    2.036293] NetLabel: Initializing
[    2.038550] NetLabel:  domain hash size = 128
[    2.041971] NetLabel:  protocols = UNLABELED CIPSOv4
[    2.046427] NetLabel:  unlabeled traffic allowed by default
[    2.051180] amd_nb: Cannot enumerate AMD northbridges
[    2.055645] clocksource: Switched to clocksource kvm-clock
[    2.096154] AppArmor: AppArmor Filesystem Enabled
[    2.099296] pnp: PnP ACPI init
[    2.104452] pnp: PnP ACPI: found 3 devices
[    2.118252] clocksource: acpi_pm: mask: 0xffffff max_cycles: 0xffffff, max_idle_ns: 2085701024 ns
[    2.124853] NET: Registered protocol family 2
[    2.128358] TCP established hash table entries: 16384 (order: 5, 131072 bytes)
[    2.134931] TCP bind hash table entries: 16384 (order: 6, 262144 bytes)
[    2.142490] TCP: Hash tables configured (established 16384 bind 16384)
[    2.147555] UDP hash table entries: 1024 (order: 3, 32768 bytes)
[    2.150887] UDP-Lite hash table entries: 1024 (order: 3, 32768 bytes)
[    2.154742] NET: Registered protocol family 1
[    2.157999] pci 0000:00:00.0: Limiting direct PCI/PCI transfers
[    2.163821] pci 0000:00:01.0: Activating ISA DMA hang workarounds
[    2.168802] Unpacking initramfs...
[    3.108252] Freeing initrd memory: 14800K
[    3.111352] RAPL PMU detected, API unit is 2^-32 Joules, 3 fixed counters 10737418240 ms ovfl timer
[    3.119620] hw unit of domain pp0-core 2^-0 Joules
[    3.124652] hw unit of domain package 2^-0 Joules
[    3.129403] hw unit of domain pp1-gpu 2^-0 Joules
[    3.133665] platform rtc_cmos: registered platform RTC device (no PNP device found)
[    3.142821] Scanning for low memory corruption every 60 seconds
[    3.149295] audit: initializing netlink subsys (disabled)
[    3.154884] audit: type=2000 audit(1547338812.363:1): initialized
[    3.161148] Initialise system trusted keyring
[    3.165622] HugeTLB registered 2 MB page size, pre-allocated 0 pages
[    3.178866] zbud: loaded
[    3.182730] VFS: Disk quotas dquot_6.6.0
[    3.186451] VFS: Dquot-cache hash table entries: 512 (order 0, 4096 bytes)
[    3.193092] squashfs: version 4.0 (2009/01/31) Phillip Lougher
[    3.198317] fuse init (API version 7.23)
[    3.202558] Key type big_key registered
[    3.207112] Allocating IMA MOK and blacklist keyrings.
[    3.213252] Key type asymmetric registered
[    3.216677] Asymmetric key parser 'x509' registered
[    3.222260] Block layer SCSI generic (bsg) driver version 0.4 loaded (major 249)
[    3.227789] io scheduler noop registered
[    3.230730] io scheduler deadline registered (default)
[    3.234767] io scheduler cfq registered
[    3.239142] pci_hotplug: PCI Hot Plug PCI Core version: 0.5
[    3.244926] pciehp: PCI Express Hot Plug Controller Driver version: 0.4
[    3.251337] ACPI: AC Adapter [AC] (on-line)
[    3.256101] input: Power Button as /devices/LNXSYSTM:00/LNXPWRBN:00/input/input0
[    3.264326] ACPI: Power Button [PWRF]
[    3.267195] input: Sleep Button as /devices/LNXSYSTM:00/LNXSLPBN:00/input/input1
[    3.275041] ACPI: Sleep Button [SLPF]
[    3.282276] ACPI: Battery Slot [BAT0] (battery present)
[    3.287972] GHES: HEST is not enabled!
[    3.292053] Serial: 8250/16550 driver, 32 ports, IRQ sharing enabled
 	
 !"#$%&'()*+,-./0123456789:;<=>?@ABCDEFGHIJKLMNOPQRSTUVWXYZ[\]^_`abcdefghijklmnopqrstuvwxyz{|}~ÄÅÇÉÑÖÜáàâäãåçéèêëíìîïñóòôöõúùûü†°¢£§•¶ß®©™´¨≠ÆØ∞±≤≥¥µ∂∑∏π∫ªºΩæø¿¡¬√ƒ≈∆«»… ÀÃÕŒœ–—“”‘’÷◊ÿŸ⁄€‹›ﬁﬂ‡·‚„‰ÂÊÁËÈÍÎÏÌÓÔÒÚÛÙıˆ˜¯˘˙˚¸˝˛ˇ[    3.328171] 00:02: ttyS0 at I/O 0x3f8 (irq = 4, base_baud = 115200) is a 16550A
[    3.342741] Linux agpgart interface v0.103
[    3.355893] loop: module loaded
[    3.360572] scsi host0: ata_piix
[    3.364451] scsi host1: ata_piix
[    3.369610] ata1: PATA max UDMA/33 cmd 0x1f0 ctl 0x3f6 bmdma 0xd000 irq 14
[    3.378692] ata2: PATA max UDMA/33 cmd 0x170 ctl 0x376 bmdma 0xd008 irq 15
[    3.384725] libphy: Fixed MDIO Bus: probed
[    3.388298] tun: Universal TUN/TAP device driver, 1.6
[    3.392575] tun: (C) 1999-2004 Max Krasnyansky <maxk@qualcomm.com>
[    3.396851] PPP generic driver version 2.4.2
[    3.400312] ehci_hcd: USB 2.0 'Enhanced' Host Controller (EHCI) Driver
[    3.406220] ehci-pci: EHCI PCI platform driver
[    3.411126] ehci-platform: EHCI generic platform driver
[    3.415274] ohci_hcd: USB 1.1 'Open' Host Controller (OHCI) Driver
[    3.421079] ohci-pci: OHCI PCI platform driver
[    3.424358] ohci-platform: OHCI generic platform driver
[    3.428557] uhci_hcd: USB Universal Host Controller Interface driver
[    3.434267] i8042: PNP: PS/2 Controller [PNP0303:PS2K,PNP0f03:PS2M] at 0x60,0x64 irq 1,12
[    3.443636] serio: i8042 KBD port at 0x60,0x64 irq 1
[    3.447787] serio: i8042 AUX port at 0x60,0x64 irq 12
[    3.454228] mousedev: PS/2 mouse device common for all mice
[    3.459910] input: AT Translated Set 2 keyboard as /devices/platform/i8042/serio0/input/input2
[    3.466829] rtc_cmos rtc_cmos: rtc core: registered rtc_cmos as rtc0
[    3.474021] rtc_cmos rtc_cmos: alarms up to one day, 114 bytes nvram
[    3.479610] i2c /dev entries driver
[    3.482592] device-mapper: uevent: version 1.0.3
[    3.487884] device-mapper: ioctl: 4.34.0-ioctl (2015-10-28) initialised: dm-devel@redhat.com
[    3.495770] ledtrig-cpu: registered to indicate activity on CPUs
[    3.501852] NET: Registered protocol family 10
[    3.506933] NET: Registered protocol family 17
[    3.510259] Key type dns_resolver registered
[    3.514075] registered taskstats version 1
[    3.517520] Loading compiled-in X.509 certificates
[    3.524640] Loaded X.509 cert 'Build time autogenerated kernel key: 7c9fb337b82e5a343493fe891c556beae1895c7c'
[    3.533689] zswap: loaded using pool lzo/zbud
[    3.548194] Key type trusted registered
[    3.565380] Key type encrypted registered
[    3.572233] AppArmor: AppArmor sha1 policy hashing enabled
[    3.576714] ima: No TPM chip found, activating TPM-bypass!
[    3.580435] ima: Allocated hash algorithm: sha1
[    3.583472] evm: HMAC attrs: 0x1
[    3.587695]   Magic number: 3:213:304
[    3.591064] tty tty33: hash matches
[    3.594433] rtc_cmos rtc_cmos: setting system clock to 2019-01-13 00:20:03 UTC (1547338803)
[    3.600431] BIOS EDD facility v0.16 2004-Jun-25, 0 devices found
[    3.605721] EDD information not available.
[    3.624547] Freeing unused kernel memory: 1528K
[    3.639754] Write protecting the kernel read-only data: 14336k
[    3.647960] Freeing unused kernel memory: 1660K
[    3.653554] Freeing unused kernel memory: 88K
Loading, please wait...
starting version 229
[    3.718537] random: systemd-udevd: uninitialized urandom read (16 bytes read, 3 bits of entropy available)
[    3.737882] random: udevadm: uninitialized urandom read (16 bytes read, 3 bits of entropy available)
[    3.760393] random: systemd-udevd: uninitialized urandom read (16 bytes read, 3 bits of entropy available)
[    3.775719] random: systemd-udevd: uninitialized urandom read (16 bytes read, 3 bits of entropy available)
[    3.784211] random: udevadm: uninitialized urandom read (16 bytes read, 3 bits of entropy available)
[    3.796094] random: systemd-udevd: uninitialized urandom read (16 bytes read, 3 bits of entropy available)
[    3.850396] random: systemd-udevd: uninitialized urandom read (16 bytes read, 3 bits of entropy available)
[    3.872568] random: systemd-udevd: uninitialized urandom read (16 bytes read, 3 bits of entropy available)
[    3.892778] random: udevadm: uninitialized urandom read (16 bytes read, 3 bits of entropy available)
[    3.900250] random: systemd-udevd: uninitialized urandom read (16 bytes read, 3 bits of entropy available)
[    4.132086] tsc: Refined TSC clocksource calibration: 2593.298 MHz
[    4.135674] clocksource: tsc: mask: 0xffffffffffffffff max_cycles: 0x256180f1094, max_idle_ns: 440795301442 ns
[    4.175816] Fusion MPT base driver 3.04.20
[    4.179054] Copyright (c) 1999-2008 LSI Corporation
[    4.186203] e1000: Intel(R) PRO/1000 Network Driver - version 7.3.21-k8-NAPI
[    4.191325] e1000: Copyright (c) 1999-2006 Intel Corporation.
[    4.357778] Fusion MPT SPI Host driver 3.04.20
[    4.435653] input: ImExPS/2 Generic Explorer Mouse as /devices/platform/i8042/serio1/input/input4
[    4.467205] AVX version of gcm_enc/dec engaged.
[    4.472288] AES CTR mode by8 optimization enabled
[    5.277709] e1000 0000:00:03.0 eth0: (PCI:33MHz:32-bit) 02:e9:22:0c:6f:83
[    5.287254] e1000 0000:00:03.0 eth0: Intel(R) PRO/1000 Network Connection
[    5.301853] mptbase: ioc0: Initiating bringup
[    5.373185] ioc0: LSI53C1030 A0: Capabilities={Initiator}
[    5.544282] scsi host2: ioc0: LSI53C1030 A0, FwRev=00000000h, Ports=1, MaxQ=256, IRQ=20
[    5.672445] scsi 2:0:0:0: Direct-Access     VBOX     HARDDISK         1.0  PQ: 0 ANSI: 5
[    5.690303] scsi target2:0:0: Beginning Domain Validation
[    5.699335] scsi target2:0:0: Domain Validation skipping write tests
[    5.706658] scsi target2:0:0: Ending Domain Validation
[    5.714409] scsi target2:0:0: asynchronous
[    5.821890] scsi 2:0:1:0: Direct-Access     VBOX     HARDDISK         1.0  PQ: 0 ANSI: 5
[    5.832866] scsi target2:0:1: Beginning Domain Validation
[    5.927667] scsi target2:0:1: Domain Validation skipping write tests
[    5.939409] scsi target2:0:1: Ending Domain Validation
[    5.971413] scsi target2:0:1: asynchronous
[    6.207110] sd 2:0:0:0: Attached scsi generic sg0 type 0
[    6.214384] sd 2:0:0:0: [sda] 20971520 512-byte logical blocks: (10.7 GB/10.0 GiB)
[    6.241246] sd 2:0:1:0: [sdb] 20480 512-byte logical blocks: (10.5 MB/10.0 MiB)
[    6.253472] sd 2:0:1:0: Attached scsi generic sg1 type 0
[    6.275788] sd 2:0:0:0: [sda] Write Protect is off
[    6.285730] sd 2:0:1:0: [sdb] Write Protect is off
[    6.311516] sd 2:0:1:0: [sdb] Incomplete mode parameter data
[    6.318123] sd 2:0:1:0: [sdb] Assuming drive cache: write through
[    6.325213] sd 2:0:0:0: [sda] Incomplete mode parameter data
[    6.333025] sd 2:0:0:0: [sda] Assuming drive cache: write through
[    6.566767]  sda: sda1
[    6.586810] sd 2:0:1:0: [sdb] Attached SCSI disk
[    6.602206] sd 2:0:0:0: [sda] Attached SCSI disk
[    6.968602] e1000 0000:00:08.0 eth1: (PCI:33MHz:32-bit) 08:00:27:2f:12:89
[    6.975257] e1000 0000:00:08.0 eth1: Intel(R) PRO/1000 Network Connection
[    6.989823] e1000 0000:00:03.0 enp0s3: renamed from eth0
[    7.005679] e1000 0000:00:08.0 enp0s8: renamed from eth1
Begin: Loading essential drivers ... [   10.394474] md: linear personality registered for level -1
[   10.412159] md: multipath personality registered for level -4
[   10.429626] md: raid0 personality registered for level 0
[   10.453218] md: raid1 personality registered for level 1
[   10.540079] raid6: sse2x1   gen()   860 MB/s
[   10.607841] raid6: sse2x1   xor()   665 MB/s
[   10.679815] raid6: sse2x2   gen()  1746 MB/s
[   10.751792] raid6: sse2x2   xor()  1005 MB/s
[   10.819992] raid6: sse2x4   gen()  2330 MB/s
[   10.888136] raid6: sse2x4   xor()  1006 MB/s
[   10.893342] raid6: using algorithm sse2x4 gen() 2330 MB/s
[   10.899594] raid6: .... xor() 1006 MB/s, rmw enabled
[   10.906848] raid6: using ssse3x2 recovery algorithm
[   10.918420] xor: automatically using best checksumming function:
[   10.968328]    avx       :  6302.000 MB/sec
[   10.981922] async_tx: api initialized (async)
[   11.038328] md: raid6 personality registered for level 6
[   11.043514] md: raid5 personality registered for level 5
[   11.048131] md: raid4 personality registered for level 4
[   11.080974] md: raid10 personality registered for level 10
done.
Begin: Running /scripts/init-premount ... done.
Begin: Mounting root file system ... Begin: Running /scripts/local-top ... done.
Begin: Running /scripts/local-premount ... [   11.259839] Btrfs loaded
Scanning for Btrfs filesystems
done.
Warning: fsck not present, so skipping root file system
[   11.439594] EXT4-fs (sda1): mounted filesystem with ordered data mode. Opts: (null)
done.
Begin: Running /scripts/local-bottom ... done.
Begin: Running /scripts/init-bottom ... done.
[   12.104986] random: nonblocking pool is initialized
[   12.728834] systemd[1]: systemd 229 running in system mode. (+PAM +AUDIT +SELINUX +IMA +APPARMOR +SMACK +SYSVINIT +UTMP +LIBCRYPTSETUP +GCRYPT +GNUTLS +ACL +XZ -LZ4 +SECCOMP +BLKID +ELFUTILS +KMOD -IDN)
[   12.763260] systemd[1]: Detected virtualization oracle.
[   12.772186] systemd[1]: Detected architecture x86-64.

Welcome to [1mUbuntu 16.04.5 LTS[0m!

[   12.863859] systemd[1]: Set hostname to <terraform-box>.
[   14.626450] systemd[1]: Listening on Journal Socket.
[[0;32m  OK  [0m] Listening on Journal Socket.
[   14.637754] systemd[1]: Listening on Syslog Socket.
[[0;32m  OK  [0m] Listening on Syslog Socket.
[   14.651141] systemd[1]: Reached target Swap.
[[0;32m  OK  [0m] Reached target Swap.
[   14.667503] systemd[1]: Created slice System Slice.
[[0;32m  OK  [0m] Created slice System Slice.
[   14.693065] systemd[1]: Mounting Debug File System...
         Mounting Debug File System...
[   14.718233] systemd[1]: Starting Create list of required static device nodes for the current kernel...
         Starting Create list of required st... nodes for the current kernel...
[   14.773696] systemd[1]: Listening on Journal Audit Socket.
[[0;32m  OK  [0m] Listening on Journal Audit Socket.
[   14.793081] systemd[1]: Listening on udev Control Socket.
[[0;32m  OK  [0m] Listening on udev Control Socket.
[   14.808125] systemd[1]: Listening on Device-mapper event daemon FIFOs.
[[0;32m  OK  [0m] Listening on Device-mapper event daemon FIFOs.
[   14.866529] systemd[1]: Starting Load Kernel Modules...
         Starting Load Kernel Modules...
[   14.894768] systemd[1]: Starting Remount Root and Kernel File Systems...
         Starting Remount Root and Kernel File Systems...
[   14.940498] systemd[1]: Starting Nameserver information manager...
         Starting Nameserver information manager...
[   14.979438] systemd[1]: Listening on LVM2 metadata daemon socket.
[[0;32m  OK  [0m] Listening on LVM2 metadata daemon socket.
[   15.029853] systemd[1]: Starting Monitoring of LVM2 mirrors, snapshots etc. using dmeventd or progress polling...
[   15.068259] EXT4-fs (sda1): re-mounted. Opts: (null)
         Starting Monitoring of LVM2 mirrors... dmeventd or progress polling...
[   15.111565] systemd[1]: Starting Set console keymap...
[   15.129435] Loading iSCSI transport class v2.0-870.
         Starting Set console keymap...
[   15.161362] systemd[1]: Reached target Encrypted Volumes.
[[0;32m  OK  [0m] Reached target Encrypted Volumes.
[   15.191689] systemd[1]: Mounting Huge Pages File System...
         Mounting Huge Pages File System...
[   15.249094] systemd[1]: Listening on udev Kernel Socket.
[[0;32m  OK  [0m] Listening on udev Kernel Socket.
[   15.282155] systemd[1]: Set up automount Arbitrary Executable File Formats File System Automount Point.
[[0;32m  OK  [0m] Set up automount Arbitrary Executab...ats File System Automount Point.
[   15.355396] iscsi: registered transport (tcp)
[   15.419763] systemd[1]: Listening on /dev/initctl Compatibility Named Pipe.
[[0;32m  OK  [0m] Listening on /dev/initctl Compatibility Named Pipe.
[   15.437004] systemd[1]: Reached target User and Group Name Lookups.
[[0;32m  OK  [0m] Reached target User and Group Name Lookups.
[   15.462294] systemd[1]: Starting Uncomplicated firewall...
         Starting Uncomplicated firewall...
[   15.489115] systemd[1]: Listening on LVM2 poll daemon socket.
[[0;32m  OK  [0m] Listening on LVM2 poll daemon socket.
[   15.512425] systemd[1]: Started Trigger resolvconf update for networkd DNS.
[[0;32m  OK  [0m] Started Trigger resolvconf update for networkd DNS.
[   15.545239] systemd[1]: Started Forward Password Requests to Wall Directory Watch.
[[0;32m  OK  [0m] Started Forward Password Requests to Wall Directory Watch.
[   15.603569] systemd[1]: Mounting POSIX Message Queue File System...
         Mounting POSIX Message Queue File System...
[   15.637011] systemd[1]: Created slice User and Session Slice.
[[0;32m  OK  [0m] Created slice User and Session Slice.
[   15.667987] systemd[1]: Reached target Slices.
[[0;32m  OK  [0m] Reached target Slices.
[   15.696613] systemd[1]: Listening on Journal Socket (/dev/log).
[[0;32m  OK  [0m] Listening on Journal Socket (/dev/log).
[   15.733652] systemd[1]: Starting Journal Service...
         Starting Journal Service...
[   15.765513] systemd[1]: Created slice system-serial\x2dgetty.slice.
[[0;32m  OK  [0m] Created slice system-serial\x2dgetty.slice.
[   15.792837] systemd[1]: Reached target System Time Synchronized.
[[0;32m  OK  [0m] Reached target System Time Synchronized.
[   15.839278] systemd[1]: Mounted Huge Pages File System.
[[0;32m  OK  [0m] Mounted Huge Pages File System.
[   15.875244] systemd[1]: Mounted POSIX Message Queue File System.
[[0;32m  OK  [0m] Mounted POSIX Message Queue File System.
[   15.904068] systemd[1]: Mounted Debug File System.
[[0;32m  OK  [0m] Mounted Debug File System.
[   15.925721] systemd[1]: Started Create list of required static device nodes for the current kernel.
[[0;32m  OK  [0m] Started Create list of required sta...ce nodes for the current kernel.
[   15.976227] systemd[1]: Started Remount Root and Kernel File Systems.
[[0;32m  OK  [0m] [   15.992052] iscsi: registered transport (iser)
Started Remount Root and Kernel File Systems.
[   16.007492] systemd[1]: Started Uncomplicated firewall.
[[0;32m  OK  [0m] Started Uncomplicated firewall.
[   16.093212] systemd[1]: Started Nameserver information manager.
[[0;32m  OK  [0m] Started Nameserver information manager.
[   16.151191] systemd[1]: Started Load Kernel Modules.
[[0;32m  OK  [0m] Started Load Kernel Modules.
[   16.459308] systemd[1]: Started Journal Service.
[[0;32m  OK  [0m] Started Journal Service.
[[0;32m  OK  [0m] Started Set console keymap.
         Mounting FUSE Control File System...
         Starting Apply Kernel Variables...
[[0;32m  OK  [0m] Started LVM2 metadata daemon.
         Starting Load/Save Random Seed...
         Starting udev Coldplug all Devices...
         Starting Flush Journal to Persistent Storage...
         Starting Create Static Device Nodes in /dev...
[[0;32m  OK  [0m] Mounted FUSE Control File System.
[[0;32m  OK  [0m] Started Apply Kernel Variables.
[[0;32m  OK  [0m] Started Load/Save Random Seed.
[[0;32m  OK  [0m] Started Create Static Device Nodes in /dev.
[[0;32m  OK  [0m] Started Monitoring of LVM2 mirrors,...ng dmeventd or progress polling.
[[0;32m  OK  [0m] Started udev Coldplug all Devices.
[[0;32m  OK  [0m] Started Flush Journal to Persistent Storage.
         Starting udev Kernel Device Manager...
[[0;32m  OK  [0m] Reached target Local File Systems (Pre).
[[0;32m  OK  [0m] Reached target Local File Systems.
         Starting Set console font and keymap...
         Starting Tell Plymouth To Write Out Runtime Data...
         Starting LSB: AppArmor initialization...
         Starting Initial cloud-init job (pre-networking)...
         Starting Create Volatile Files and Directories...
[[0;32m  OK  [0m] Started Tell Plymouth To Write Out Runtime Data.
[[0;32m  OK  [0m] Started Create Volatile Files and Directories.
         Starting Update UTMP about System Boot/Shutdown...
[[0;32m  OK  [0m] Started udev Kernel Device Manager.
[[0;32m  OK  [0m] Started Dispatch Password Requests to Console Directory Watch.
[[0;32m  OK  [0m] Started Update UTMP about System Boot/Shutdown.
[[0;32m  OK  [0m] Started LSB: AppArmor initialization.
[[0;32m  OK  [0m] Found device /dev/ttyS0.
[[0;32m  OK  [0m] Listening on Load/Save RF Kill Switch Status /dev/rfkill Watch.
[[0;32m  OK  [0m] Found device 82540EM Gigabit Ethern...r (PRO/1000 MT Desktop Adapter).
[[0;32m  OK  [0m] Found device 82540EM Gigabit Ethern...r (PRO/1000 MT Desktop Adapter).
[[0;32m  OK  [0m] Started Set console font and keymap.
[[0;32m  OK  [0m] Created slice system-getty.slice.
[   32.259653] cloud-init[480]: Cloud-init v. 18.4-0ubuntu1~16.04.2 running 'init-local' at Sun, 13 Jan 2019 00:20:31 +0000. Up 30.25 seconds.
[[0;32m  OK  [0m] Started Initial cloud-init job (pre-networking).
[[0;32m  OK  [0m] Reached target Network (Pre).
         Starting Raise network interfaces...
[[0;32m  OK  [0m] Started ifup for enp0s8.
[[0;32m  OK  [0m] Started ifup for enp0s3.
[[0;32m  OK  [0m] Started Raise network interfaces.
         Starting Initial cloud-init job (metadata service crawler)...
[[0;32m  OK  [0m] Reached target Network.
[   38.894621] cloud-init[1325]: Cloud-init v. 18.4-0ubuntu1~16.04.2 running 'init' at Sun, 13 Jan 2019 00:20:37 +0000. Up 36.78 seconds.
[   38.909445] cloud-init[1325]: ci-info: ++++++++++++++++++++++++++++++++++++++Net device info+++++++++++++++++++++++++++++++++++++++
[   38.925463] cloud-init[1325]: ci-info: +--------+------+-----------------------------+---------------+--------+-------------------+
[   38.953022] cloud-init[1325]: ci-info: | Device |  Up  |           Address           |      Mask     | Scope  |     Hw-Address    |
[   38.969671] cloud-init[1325]: ci-info: +--------+------+-----------------------------+---------------+--------+-------------------+
[   38.985388] cloud-init[1325]: ci-info: | enp0s3 | True |          10.0.2.15          | 255.255.255.0 | global | 02:e9:22:0c:6f:83 |
[   39.002281] cloud-init[1325]: ci-info: | enp0s3 | True |  fe80::e9:22ff:fe0c:6f83/64 |       .       |  link  | 02:e9:22:0c:6f:83 |
[   39.029658] cloud-init[1325]: ci-info: | enp0s8 | True |        192.168.33.50        | 255.255.255.0 | global | 08:00:27:2f:12:89 |
[   39.057488] cloud-init[1325]: ci-info: | enp0s8 | True | fe80::a00:27ff:fe2f:1289/64 |       .       |  link  | 08:00:27:2f:12:89 |
[   39.073433] cloud-init[1325]: ci-info: |   lo   | True |          127.0.0.1          |   255.0.0.0   |  host  |         .         |
[   39.091010] cloud-init[1325]: ci-info: |   lo   | True |           ::1/128           |       .       |  host  |         .         |
[   39.109979] cloud-init[1325]: ci-info: +--------+------+-----------------------------+---------------+--------+-------------------+
[   39.131067] cloud-init[1325]: ci-info: ++++++++++++++++++++++++++++Route IPv4 info++++++++++++++++++++++++++++
[   39.166069] cloud-init[1325]: ci-info: +-------+--------------+----------+---------------+-----------+-------+
[   39.182144] cloud-init[1325]: ci-info: | Route | Destination  | Gateway  |    Genmask    | Interface | Flags |
[   39.191617] cloud-init[1325]: ci-info: +-------+--------------+----------+---------------+-----------+-------+
[   39.206173] cloud-init[1325]: ci-info: |   0   |   0.0.0.0    | 10.0.2.2 |    0.0.0.0    |   enp0s3  |   UG  |
[   39.229870] cloud-init[1325]: ci-info: |   1   |   10.0.2.0   | 0.0.0.0  | 255.255.255.0 |   enp0s3  |   U   |
[[0;32m  OK  [0m] [   39.256566] cloud-init[1325]: ci-info: |   2   | 192.168.33.0 | 0.0.0.0  | 255.255.255.0 |   enp0s8  |   U   |Started Initial cloud-init job (metadata service crawler).

[   39.268751] cloud-init[1325]: ci-info: +-------+--------------+----------+---------------+-----------+-------+
[[0;32m  OK  [0m[   39.284768] cloud-init] Reached target System Initialization.
[[1325]: ci-info: +++++++++++++++++++Route IPv6 info+++++++++++++++++++
[   39.295137] cloud-init[0;32m  OK  [0m] Listening on UUID daemon activation socket.
[1325]: ci-info: +-------+-------------+---------+-----------+-------+
[   39.304762] cloud-init[1325]: ci-info: | Route | Destination | Gateway | Interface | Flags |
[   39.310540] cloud-init[1325]:          Starting LXD - unix socket.ci-info: +-------+-------------+---------+-----------+-------+
[   39.320225] 
cloud-init[1325]: ci-info: |   0   |  fe80::/64  |    ::   |   enp0s8  |   U   |         Starting Docker Socket for the API.
[   39.334570] cloud-init[1325]: ci-info: |   1   |  fe80::/64  |    ::   |   enp0s3  |   U   |
[[0;32m  OK  [0m] Listening on ACPID Listen Socket.

[   39.349284] cloud-init[1325]: ci-info: |   6   |   ff00::/8  |    ::   |   enp0s8  |   U   |
[   39.359764] cloud-init[1325]: ci-info: |   7   |   ff00::/8  |    ::   |   enp0s3  |   U   |
[   39.365443] cloud-init[1325]: ci-info: +-------+-------------+---------+-----------+-------+
[[0;32m  OK  [0m] Started Daily apt download activities.
[[0;32m  OK  [0m] Listening on D-Bus System Message Bus Socket.
         Starting Socket activation for snappy daemon.
[[0;32m  OK  [0m] Started Daily Cleanup of Temporary Directories.
[[0;32m  OK  [0m] Started ACPI Events Check.
[[0;32m  OK  [0m] Reached target Paths.
[[0;32m  OK  [0m] Started Daily apt upgrade and clean activities.
[[0;32m  OK  [0m] Reached target Timers.
[[0;32m  OK  [0m] Reached target Network is Online.
         Starting iSCSI initiator daemon (iscsid)...
[[0;32m  OK  [0m] Reached target Cloud-config availability.
[[0;32m  OK  [0m] Listening on LXD - unix socket.
[[0;32m  OK  [0m] Listening on Docker Socket for the API.
[[0;32m  OK  [0m] Listening on Socket activation for snappy daemon.
[[0;32m  OK  [0m] Reached target Sockets.
[[0;32m  OK  [0m] Reached target Basic System.
         Starting Accounts Service...
         Starting /etc/rc.local Compatibility...
         Starting LXD - container startup/shutdown...
[[0;32m  OK  [0m] Started ACPI event daemon.
         Starting LSB: MD monitoring daemon...
         Starting Docker Application Container Engine...
[[0;32m  OK  [0m] Started Deferred execution scheduler.
         Starting Virtualbox guest utils...
         Starting Snappy daemon...
         Starting Login Service...
[[0;32m  OK  [0m] Started Unattended Upgrades Shutdown.
[[0;32m  OK  [0m] Started FUSE filesystem for LXC.
[[0;32m  OK  [0m] Started Regular background program processing daemon.
         Starting Ubuntu FAN network setup...
         Starting LSB: Record successful boot for GRUB...
[[0;32m  OK  [0m] Started D-Bus System Message Bus.
         Starting OpenBSD Secure Shell server...
         Starting System Logging Service...
[[0;32m  OK  [0m] Started /etc/rc.local Compatibility.
[[0;32m  OK  [0m] Started Ubuntu FAN network setup.
[[0;32m  OK  [0m] Started iSCSI initiator daemon (iscsid).
[[0;32m  OK  [0m] Started Login Service.
         Starting Authenticate and Authorize Users to Run Privileged Tasks...
         Starting Login to default iSCSI targets...
[[0;32m  OK  [0m] Started LSB: Record successful boot for GRUB.
[[0;32m  OK  [0m] Started LSB: MD monitoring daemon.
[[0;32m  OK  [0m] Started System Logging Service.
[[0;32m  OK  [0m] Started Login to default iSCSI targets.
[[0;32m  OK  [0m] Reached target Remote File Systems (Pre).
[[0;32m  OK  [0m] Reached target Remote File Systems.
         Starting LSB: Set the CPU Frequency Scaling governor to "ondemand"...
         Starting LSB: automatic crash report generation...
         Starting LSB: Set up cgroupfs mounts....
         Starting LSB: daemon to balance interrupts for SMP systems...
         Starting Permit User Sessions...
[[0;32m  OK  [0m] Started Authenticate and Authorize Users to Run Privileged Tasks.
[[0;32m  OK  [0m] Started LSB: Set up cgroupfs mounts..
[[0;32m  OK  [0m] Started Accounts Service.
[[0;32m  OK  [0m] Started Permit User Sessions.
         Starting Hold until boot process finishes up...
         Starting Terminate Plymouth Boot Screen...
[[0;32m  OK  [0m] Started OpenBSD Secure Shell server.
[[0;32m  OK  [0m] Started Hold until boot process finishes up.
[[0;32m  OK  [0m] Started Terminate Plymouth Boot Screen.
[[0;32m  OK  [0m] Started LSB: Set the CPU Frequency Scaling governor to "ondemand".
[[0;32m  OK  [0m] Started Getty on tty1.
[[0;32m  OK  [0m] Started Serial Getty on ttyS0.
[[0;32m  OK  [0m] Reached target Login Prompts.
         Starting Set console scheme...
[[0;32m  OK  [0m] Started Set console scheme.
[[0;32m  OK  [0m] Started LXD - container startup/shutdown.
[[0;32m  OK  [0m] Started LSB: daemon to balance interrupts for SMP systems.
[[0;32m  OK  [0m] Started LSB: automatic crash report generation.
[[0;32m  OK  [0m] Started Virtualbox guest utils.
[[0;32m  OK  [0m] Started Snappy daemon.
         Starting Wait until snapd is fully seeded...
[[0;32m  OK  [0m] Started Wait until snapd is fully seeded.
         Starting Apply the settings specified in cloud-config...
[[0;32m  OK  [0m] Created slice User Slice of vagrant.
         Starting User Manager for UID 1000...
[[0;32m  OK  [0m] Started Session 1 of user vagrant.
[[0;32m  OK  [0m] Started User Manager for UID 1000.

Ubuntu 16.04.5 LTS terraform-box ttyS0

terraform-box login: [   53.100967] cloud-init[1599]: Cloud-init v. 18.4-0ubuntu1~16.04.2 running 'modules:config' at Sun, 13 Jan 2019 00:20:52 +0000. Up 51.26 seconds.
[   61.353235] cloud-init[2177]: Cloud-init v. 18.4-0ubuntu1~16.04.2 running 'modules:final' at Sun, 13 Jan 2019 00:21:01 +0000. Up 60.71 seconds.
[   61.382075] cloud-init[2177]: Cloud-init v. 18.4-0ubuntu1~16.04.2 finished at Sun, 13 Jan 2019 00:21:02 +0000. Datasource DataSourceNoCloud [seed=/dev/sdb][dsmode=net].  Up 61.31 seconds
